# Anthropic Python SDK → Opod

from anthropic import Anthropic

client = Anthropic(
    base_url="http://example.local:8080",
    api_key="sk-orc-TEST",
)

resp = client.messages.create(
    model="test-model",
    max_tokens=64,
    messages=[{"role": "user", "content": "hi in 5 words"}],
)
print(resp.content[0].text)

# Node/TS:
#   import Anthropic from "@anthropic-ai/sdk";
#   const client = new Anthropic({ baseURL: "http://example.local:8080", apiKey: "sk-orc-TEST" });
